[grupoplaytvstreaming.com.br/index.html]
[backblue.gif]
[fade.gif]
[index.html]
[grupoplaytvstreaming.com.br/wp-includes/css/dist/block-library/style.min3781.css]
[grupoplaytvstreaming.com.br/indexd784.html]
[grupoplaytvstreaming.com.br/indexa6da.html]
[grupoplaytvstreaming.com.br/wp-content/plugins/elementor/assets/lib/eicons/css/elementor-icons.minfc13.css]
[grupoplaytvstreaming.com.br/wp-content/plugins/elementor/assets/css/frontend-lite.min2e9d.css]
[grupoplaytvstreaming.com.br/wp-content/plugins/elementor/assets/lib/swiper/css/swiper.min48f5.css]
[grupoplaytvstreaming.com.br/wp-content/uploads/elementor/css/post-57f67.css]
[grupoplaytvstreaming.com.br/wp-content/plugins/elementor-pro/assets/css/frontend-lite.minac9e.css]
[grupoplaytvstreaming.com.br/wp-content/uploads/elementor/css/post-1877f67.css]
[grupoplaytvstreaming.com.br/wp-content/themes/blocksy/static/bundle/main.minf552.css]
[grupoplaytvstreaming.com.br/wp-content/themes/blocksy/static/bundle/page-title.minf552.css]
[grupoplaytvstreaming.com.br/wp-content/themes/blocksy/static/bundle/back-to-top.minf552.css]
[grupoplaytvstreaming.com.br/wp-content/themes/blocksy/static/bundle/elementor-frontend.minf552.css]
[grupoplaytvstreaming.com.br/wp-content/plugins/elementor/assets/lib/font-awesome/css/fontawesome.min52d5.css]
[grupoplaytvstreaming.com.br/wp-content/plugins/elementor/assets/lib/font-awesome/css/solid.min52d5.css]
[grupoplaytvstreaming.com.br/wp-content/plugins/elementor/assets/lib/font-awesome/css/regular.min52d5.css]
[grupoplaytvstreaming.com.br/index52f0.json]
[grupoplaytvstreaming.com.br/indexad14.json]
[grupoplaytvstreaming.com.br/xmlrpc0db0.php]
[grupoplaytvstreaming.com.br/wp-includes/wlwmanifest.xml]
[grupoplaytvstreaming.com.br/index65cc.json]
[grupoplaytvstreaming.com.br/index8de6.php]
[grupoplaytvstreaming.com.br/wp-content/themes/blocksy/static/bundle/no-scripts.min.css]
[cdn.jsdelivr.net/npm/notiflix@2.6.0/dist/notiflix-aio-2.6.0.min.js]
[grupoplaytvstreaming.com.br/wp-content/uploads/2022/11/IPTV-MODELO02-B02-1024x1024.webp]
[grupoplaytvstreaming.com.br/wp-content/plugins/elementor/assets/css/widget-icon-box.min.css]
[grupoplaytvstreaming.com.br/wp-content/uploads/2022/11/IPTV-MODELO-B02-1-1024x1024.webp]
[grupoplaytvstreaming.com.br/wp-content/plugins/elementor/assets/css/widget-icon-list.min.css]
[grupoplaytvstreaming.com.br/wp-content/themes/blocksy/static/bundle/mainf552.js]
[grupoplaytvstreaming.com.br/wp-content/plugins/elementor-pro/assets/js/webpack-pro.runtime.minac9e.js]
[grupoplaytvstreaming.com.br/wp-content/plugins/elementor/assets/js/webpack.runtime.min2e9d.js]
[grupoplaytvstreaming.com.br/wp-includes/js/jquery/jquery.min5aed.js]
[grupoplaytvstreaming.com.br/wp-includes/js/jquery/jquery-migrate.min6b00.js]
[grupoplaytvstreaming.com.br/wp-content/plugins/elementor/assets/js/frontend-modules.min2e9d.js]
[grupoplaytvstreaming.com.br/wp-includes/js/dist/vendor/wp-polyfill-inert.min0226.js]
[grupoplaytvstreaming.com.br/wp-includes/js/dist/vendor/regenerator-runtime.min8fa4.js]
[grupoplaytvstreaming.com.br/wp-includes/js/dist/vendor/wp-polyfill.min2c7c.js]
[grupoplaytvstreaming.com.br/wp-includes/js/dist/hooks.min6c65.js]
[grupoplaytvstreaming.com.br/wp-includes/js/dist/i18n.mine57b.js]
[grupoplaytvstreaming.com.br/wp-content/plugins/elementor-pro/assets/js/frontend.minac9e.js]
[grupoplaytvstreaming.com.br/wp-content/plugins/elementor/assets/lib/waypoints/waypoints.min05da.js]
[grupoplaytvstreaming.com.br/wp-includes/js/jquery/ui/core.min3f14.js]
[grupoplaytvstreaming.com.br/wp-content/plugins/elementor/assets/js/frontend.min2e9d.js]
[grupoplaytvstreaming.com.br/wp-content/plugins/elementor-pro/assets/js/elements-handlers.minac9e.js]
[grupoplaytvstreaming.com.br/index.html]
[grupoplaytvstreaming.com.br/wp-includes/css/dist/block-library/style.min3781.css]
[grupoplaytvstreaming.com.br/wp-content/plugins/elementor/assets/lib/eicons/fonts/eiconsb732.eot]
[grupoplaytvstreaming.com.br/wp-content/plugins/elementor/assets/lib/eicons/fonts/eiconsb732.woff2]
[grupoplaytvstreaming.com.br/wp-content/plugins/elementor/assets/lib/eicons/fonts/eiconsb732.woff]
[grupoplaytvstreaming.com.br/wp-content/plugins/elementor/assets/lib/eicons/fonts/eiconsb732.ttf]
[grupoplaytvstreaming.com.br/wp-content/plugins/elementor/assets/lib/eicons/css/elementor-icons.minfc13.css]
[grupoplaytvstreaming.com.br/wp-content/plugins/elementor/assets/css/frontend-lite.min2e9d.css]
[grupoplaytvstreaming.com.br/wp-content/plugins/elementor/assets/lib/swiper/css/swiper.min48f5.css]
[grupoplaytvstreaming.com.br/wp-content/uploads/elementor/css/post-57f67.css]
[grupoplaytvstreaming.com.br/wp-content/plugins/elementor-pro/assets/css/frontend-lite.minac9e.css]
[grupoplaytvstreaming.com.br/wp-content/plugins/elementor/assets/lib/eicons/fonts/eiconsb732.svg]
[grupoplaytvstreaming.com.br/wp-content/uploads/2022/11/IPTV-BK02.jpg]
[grupoplaytvstreaming.com.br/wp-content/uploads/2022/11/IPTV-BLOCO-03.jpg]
[grupoplaytvstreaming.com.br/wp-content/uploads/2022/11/BLOCO-03-IPTV-PAGE-scaled-1.jpg]
[grupoplaytvstreaming.com.br/wp-content/uploads/elementor/css/post-1877f67.css]
[grupoplaytvstreaming.com.br/wp-content/themes/blocksy/static/bundle/main.minf552.css]
[grupoplaytvstreaming.com.br/wp-content/themes/blocksy/static/bundle/page-title.minf552.css]
[grupoplaytvstreaming.com.br/wp-content/themes/blocksy/static/bundle/back-to-top.minf552.css]
[grupoplaytvstreaming.com.br/wp-content/themes/blocksy/static/bundle/elementor-frontend.minf552.css]
[grupoplaytvstreaming.com.br/wp-content/plugins/elementor/assets/lib/font-awesome/css/fontawesome.min52d5.css]
[grupoplaytvstreaming.com.br/wp-content/plugins/elementor/assets/lib/font-awesome/webfonts/fa-solid-900.eot]
[grupoplaytvstreaming.com.br/wp-content/plugins/elementor/assets/lib/font-awesome/webfonts/fa-solid-900d41d.eot]
[grupoplaytvstreaming.com.br/wp-content/plugins/elementor/assets/lib/font-awesome/webfonts/fa-solid-900.woff2]
[grupoplaytvstreaming.com.br/wp-content/plugins/elementor/assets/lib/font-awesome/webfonts/fa-solid-900.woff]
[grupoplaytvstreaming.com.br/wp-content/plugins/elementor/assets/lib/font-awesome/css/solid.min52d5.css]
[grupoplaytvstreaming.com.br/wp-content/plugins/elementor/assets/lib/font-awesome/webfonts/fa-regular-400.eot]
[grupoplaytvstreaming.com.br/wp-content/plugins/elementor/assets/lib/font-awesome/webfonts/fa-regular-400d41d.eot]
[grupoplaytvstreaming.com.br/wp-content/plugins/elementor/assets/lib/font-awesome/webfonts/fa-regular-400.woff2]
[grupoplaytvstreaming.com.br/wp-content/plugins/elementor/assets/lib/font-awesome/webfonts/fa-regular-400.woff]
[grupoplaytvstreaming.com.br/wp-content/plugins/elementor/assets/lib/font-awesome/webfonts/fa-regular-400.ttf]
[grupoplaytvstreaming.com.br/wp-content/plugins/elementor/assets/lib/font-awesome/css/regular.min52d5.css]
[grupoplaytvstreaming.com.br/wp-content/themes/blocksy/static/bundle/no-scripts.min.css]
[grupoplaytvstreaming.com.br/wp-content/plugins/elementor/assets/css/widget-icon-box.min.css]
[grupoplaytvstreaming.com.br/wp-content/plugins/elementor/assets/css/widget-icon-list.min.css]
[grupoplaytvstreaming.com.br/wp-content/plugins/elementor/assets/lib/eicons/fonts/eiconsb732.svg]
[grupoplaytvstreaming.com.br/wp-content/uploads/2022/11/BLOCO-04-IPTV-PAGE-scaled-1.jpg]
[grupoplaytvstreaming.com.br/wp-content/plugins/elementor/assets/lib/font-awesome/webfonts/fa-regular-400.svg]
[grupoplaytvstreaming.com.br/wp-content/uploads/2022/11/RODAPE-IPTV-02-scaled-1.jpg]
[grupoplaytvstreaming.com.br/wp-content/themes/blocksy/static/fonts/stars.woff2]
[grupoplaytvstreaming.com.br/wp-content/plugins/elementor/assets/lib/font-awesome/webfonts/fa-solid-900.ttf]
[grupoplaytvstreaming.com.br/wp-content/plugins/elementor/assets/lib/font-awesome/webfonts/fa-regular-400.svg]
[grupoplaytvstreaming.com.br/wp-content/plugins/elementor/assets/lib/font-awesome/webfonts/fa-solid-900.svg]
[grupoplaytvstreaming.com.br/wp-content/plugins/elementor/assets/lib/font-awesome/webfonts/fa-solid-900.svg]
